TransactionEnvelope
  { _transaction =
      Transaction
        { _sourceAccount =
            PublicKeyEd25519
              { _publicKeyEd25519 =
                  [ 51
                  , 56
                  , 56
                  , 48
                  , 101
                  , 53
                  , 50
                  , 51
                  , 48
                  , 54
                  , 57
                  , 53
                  , 98
                  , 52
                  , 100
                  , 56
                  , 53
                  , 98
                  , 53
                  , 102
                  , 97
                  , 101
                  , 101
                  , 53
                  , 50
                  , 53
                  , 54
                  , 55
                  , 49
                  , 50
                  , 56
                  , 57
                  , 50
                  , 102
                  , 54
                  , 99
                  , 102
                  , 55
                  , 97
                  , 97
                  , 51
                  , 53
                  , 55
                  , 49
                  , 48
                  , 100
                  , 98
                  , 99
                  , 57
                  , 54
                  , 55
                  , 101
                  , 53
                  , 55
                  , 48
                  , 101
                  , 97
                  , 100
                  , 53
                  , 101
                  , 97
                  , 48
                  , 57
                  , 99
                  ]
              }
        , _fee = Fee { _fee = 500 }
        , _seqNum = SequenceNumber { _sequenceNumber = 30381378881327023 }
        , _timeBounds = Nothing
        , _memo = MemoNone
        , _operations =
            [ Operation
                { _sourceAccount = Nothing
                , _body =
                    ManageOffer
                      ManageOfferOp
                        { _selling =
                            AssetCreditAlphanum
                              AssetCode { _assetCode = "BTC" }
                              PublicKeyEd25519
                                { _publicKeyEd25519 =
                                    [ 51
                                    , 102
                                    , 102
                                    , 48
                                    , 102
                                    , 56
                                    , 99
                                    , 97
                                    , 101
                                    , 97
                                    , 98
                                    , 54
                                    , 53
                                    , 51
                                    , 101
                                    , 98
                                    , 48
                                    , 57
                                    , 102
                                    , 50
                                    , 51
                                    , 98
                                    , 53
                                    , 52
                                    , 102
                                    , 101
                                    , 97
                                    , 102
                                    , 50
                                    , 101
                                    , 53
                                    , 52
                                    , 102
                                    , 48
                                    , 99
                                    , 50
                                    , 57
                                    , 55
                                    , 100
                                    , 50
                                    , 49
                                    , 48
                                    , 50
                                    , 100
                                    , 51
                                    , 49
                                    , 51
                                    , 56
                                    , 48
                                    , 49
                                    , 50
                                    , 51
                                    , 48
                                    , 57
                                    , 57
                                    , 57
                                    , 50
                                    , 56
                                    , 101
                                    , 53
                                    , 53
                                    , 99
                                    , 102
                                    , 53
                                    ]
                                }
                        , _buying = AssetNative
                        , _amount = 290827
                        , _price = Price { _numerator = 5025000 , _denominator = 157 }
                        , _offerId = OfferId { _offerId = 703126 }
                        }
                }
            , Operation
                { _sourceAccount = Nothing
                , _body =
                    ManageOffer
                      ManageOfferOp
                        { _selling =
                            AssetCreditAlphanum
                              AssetCode { _assetCode = "BTC" }
                              PublicKeyEd25519
                                { _publicKeyEd25519 =
                                    [ 51
                                    , 102
                                    , 102
                                    , 48
                                    , 102
                                    , 56
                                    , 99
                                    , 97
                                    , 101
                                    , 97
                                    , 98
                                    , 54
                                    , 53
                                    , 51
                                    , 101
                                    , 98
                                    , 48
                                    , 57
                                    , 102
                                    , 50
                                    , 51
                                    , 98
                                    , 53
                                    , 52
                                    , 102
                                    , 101
                                    , 97
                                    , 102
                                    , 50
                                    , 101
                                    , 53
                                    , 52
                                    , 102
                                    , 48
                                    , 99
                                    , 50
                                    , 57
                                    , 55
                                    , 100
                                    , 50
                                    , 49
                                    , 48
                                    , 50
                                    , 100
                                    , 51
                                    , 49
                                    , 51
                                    , 56
                                    , 48
                                    , 49
                                    , 50
                                    , 51
                                    , 48
                                    , 57
                                    , 57
                                    , 57
                                    , 50
                                    , 56
                                    , 101
                                    , 53
                                    , 53
                                    , 99
                                    , 102
                                    , 53
                                    ]
                                }
                        , _buying = AssetNative
                        , _amount = 290827
                        , _price = Price { _numerator = 5125000 , _denominator = 157 }
                        , _offerId = OfferId { _offerId = 703127 }
                        }
                }
            , Operation
                { _sourceAccount = Nothing
                , _body =
                    ManageOffer
                      ManageOfferOp
                        { _selling =
                            AssetCreditAlphanum
                              AssetCode { _assetCode = "BTC" }
                              PublicKeyEd25519
                                { _publicKeyEd25519 =
                                    [ 51
                                    , 102
                                    , 102
                                    , 48
                                    , 102
                                    , 56
                                    , 99
                                    , 97
                                    , 101
                                    , 97
                                    , 98
                                    , 54
                                    , 53
                                    , 51
                                    , 101
                                    , 98
                                    , 48
                                    , 57
                                    , 102
                                    , 50
                                    , 51
                                    , 98
                                    , 53
                                    , 52
                                    , 102
                                    , 101
                                    , 97
                                    , 102
                                    , 50
                                    , 101
                                    , 53
                                    , 52
                                    , 102
                                    , 48
                                    , 99
                                    , 50
                                    , 57
                                    , 55
                                    , 100
                                    , 50
                                    , 49
                                    , 48
                                    , 50
                                    , 100
                                    , 51
                                    , 49
                                    , 51
                                    , 56
                                    , 48
                                    , 49
                                    , 50
                                    , 51
                                    , 48
                                    , 57
                                    , 57
                                    , 57
                                    , 50
                                    , 56
                                    , 101
                                    , 53
                                    , 53
                                    , 99
                                    , 102
                                    , 53
                                    ]
                                }
                        , _buying = AssetNative
                        , _amount = 290827
                        , _price = Price { _numerator = 5225000 , _denominator = 157 }
                        , _offerId = OfferId { _offerId = 703128 }
                        }
                }
            , Operation
                { _sourceAccount = Nothing
                , _body =
                    ManageOffer
                      ManageOfferOp
                        { _selling =
                            AssetCreditAlphanum
                              AssetCode { _assetCode = "BTC" }
                              PublicKeyEd25519
                                { _publicKeyEd25519 =
                                    [ 51
                                    , 102
                                    , 102
                                    , 48
                                    , 102
                                    , 56
                                    , 99
                                    , 97
                                    , 101
                                    , 97
                                    , 98
                                    , 54
                                    , 53
                                    , 51
                                    , 101
                                    , 98
                                    , 48
                                    , 57
                                    , 102
                                    , 50
                                    , 51
                                    , 98
                                    , 53
                                    , 52
                                    , 102
                                    , 101
                                    , 97
                                    , 102
                                    , 50
                                    , 101
                                    , 53
                                    , 52
                                    , 102
                                    , 48
                                    , 99
                                    , 50
                                    , 57
                                    , 55
                                    , 100
                                    , 50
                                    , 49
                                    , 48
                                    , 50
                                    , 100
                                    , 51
                                    , 49
                                    , 51
                                    , 56
                                    , 48
                                    , 49
                                    , 50
                                    , 51
                                    , 48
                                    , 57
                                    , 57
                                    , 57
                                    , 50
                                    , 56
                                    , 101
                                    , 53
                                    , 53
                                    , 99
                                    , 102
                                    , 53
                                    ]
                                }
                        , _buying = AssetNative
                        , _amount = 290827
                        , _price = Price { _numerator = 5325000 , _denominator = 157 }
                        , _offerId = OfferId { _offerId = 703129 }
                        }
                }
            , Operation
                { _sourceAccount = Nothing
                , _body =
                    ManageOffer
                      ManageOfferOp
                        { _selling =
                            AssetCreditAlphanum
                              AssetCode { _assetCode = "BTC" }
                              PublicKeyEd25519
                                { _publicKeyEd25519 =
                                    [ 51
                                    , 102
                                    , 102
                                    , 48
                                    , 102
                                    , 56
                                    , 99
                                    , 97
                                    , 101
                                    , 97
                                    , 98
                                    , 54
                                    , 53
                                    , 51
                                    , 101
                                    , 98
                                    , 48
                                    , 57
                                    , 102
                                    , 50
                                    , 51
                                    , 98
                                    , 53
                                    , 52
                                    , 102
                                    , 101
                                    , 97
                                    , 102
                                    , 50
                                    , 101
                                    , 53
                                    , 52
                                    , 102
                                    , 48
                                    , 99
                                    , 50
                                    , 57
                                    , 55
                                    , 100
                                    , 50
                                    , 49
                                    , 48
                                    , 50
                                    , 100
                                    , 51
                                    , 49
                                    , 51
                                    , 56
                                    , 48
                                    , 49
                                    , 50
                                    , 51
                                    , 48
                                    , 57
                                    , 57
                                    , 57
                                    , 50
                                    , 56
                                    , 101
                                    , 53
                                    , 53
                                    , 99
                                    , 102
                                    , 53
                                    ]
                                }
                        , _buying = AssetNative
                        , _amount = 290827
                        , _price = Price { _numerator = 5425000 , _denominator = 157 }
                        , _offerId = OfferId { _offerId = 703130 }
                        }
                }
            ]
        }
  , _signatures =
      [ DecoratedSignature
          { _hint = SignatureHint [ 97 , 100 , 53 , 101 , 97 , 48 , 57 , 99 ]
          , _signature =
              Signature
                { _signature =
                    "[100,57,57,97,98,98,99,57,57,98,52,101,53,101,51,98,48,99,48,97,98,50,48,54,57,48,57,97,97,100,98,50,50,51,100,51,100,53,101,48,56,55,55,49,57,102,51,53,53,53,50,56,52,54,57,102,98,99,97,57,101,101,53,55,49,53,102,56,102,98,53,99,50,101,48,52,48,48,55,56,51,98,57,55,98,101,54,56,55,99,51,97,49,98,55,52,97,101,101,57,53,51,52,54,51,102,102,99,101,48,55,101,98,51,56,54,48,99,48,55,48,100,52,98,56,48,48,102]"
                }
          }
      ]
  }